Component: ARM Compiler 5.06 update 6 (build 750) Tool: armlink [4d35ed]

==============================================================================

Section Cross References

    startup_stm32f10x_md.o(RESET) refers to startup_stm32f10x_md.o(STACK) for __initial_sp
    startup_stm32f10x_md.o(RESET) refers to startup_stm32f10x_md.o(.text) for Reset_Handler
    startup_stm32f10x_md.o(RESET) refers to stm32f10x_it.o(.text) for NMI_Handler
    startup_stm32f10x_md.o(RESET) refers to esp8266.o(.text) for USART2_IRQHandler
    startup_stm32f10x_md.o(.text) refers to entry.o(.ARM.Collect$$$$00000000) for __main
    main.o(.text) refers to memseta.o(.text) for __aeabi_memclr
    main.o(.text) refers to system_stm32f10x.o(.text) for SystemInit
    main.o(.text) refers to led.o(.text) for LED_GPIO_Config
    main.o(.text) refers to usart1.o(.text) for USART1_Config
    main.o(.text) refers to delay.o(.text) for Delay_init
    main.o(.text) refers to oled.o(.text) for OLED_Init
    main.o(.text) refers to printf8.o(i.__0printf$8) for __2printf
    main.o(.text) refers to dht11.o(.text) for DHT11_Init
    main.o(.text) refers to ds1302.o(.text) for DS1302_Init
    main.o(.text) refers to esp8266.o(.text) for ESP8266_Init
    main.o(.text) refers to main.o(.bss) for UartRxbuf
    main.o(.text) refers to main.o(.data) for UartRxLen
    led.o(.text) refers to stm32f10x_rcc.o(.text) for RCC_APB2PeriphClockCmd
    led.o(.text) refers to stm32f10x_gpio.o(.text) for GPIO_Init
    led.o(.text) refers to delay.o(.text) for Delay_ms
    usart1.o(.text) refers to stm32f10x_rcc.o(.text) for RCC_APB2PeriphClockCmd
    usart1.o(.text) refers to stm32f10x_gpio.o(.text) for GPIO_Init
    usart1.o(.text) refers to stm32f10x_usart.o(.text) for USART_Init
    delay.o(.text) refers to misc.o(.text) for SysTick_CLKSourceConfig
    delay.o(.text) refers to delay.o(.data) for fac_us
    dht11.o(.text) refers to delay.o(.text) for Delay_ms
    dht11.o(.text) refers to stm32f10x_rcc.o(.text) for RCC_APB2PeriphClockCmd
    dht11.o(.text) refers to stm32f10x_gpio.o(.text) for GPIO_Init
    oled.o(.text) refers to stm32f10x_gpio.o(.text) for GPIO_SetBits
    oled.o(.text) refers to oled.o(.constdata) for F8X16
    oled.o(.text) refers to oled.o(.data) for Hzk
    oled.o(.text) refers to stm32f10x_rcc.o(.text) for RCC_APB2PeriphClockCmd
    oled.o(.text) refers to delay.o(.text) for Delay_ms
    esp8266.o(.text) refers to stm32f10x_rcc.o(.text) for RCC_APB2PeriphClockCmd
    esp8266.o(.text) refers to stm32f10x_gpio.o(.text) for GPIO_Init
    esp8266.o(.text) refers to stm32f10x_usart.o(.text) for USART_Init
    esp8266.o(.text) refers to misc.o(.text) for NVIC_Init
    esp8266.o(.text) refers to memseta.o(.text) for __aeabi_memclr
    esp8266.o(.text) refers to strstr.o(.text) for strstr
    esp8266.o(.text) refers to strchr.o(.text) for strchr
    esp8266.o(.text) refers to delay.o(.text) for Delay_ms
    esp8266.o(.text) refers to printf8.o(i.__0sprintf$8) for __2sprintf
    esp8266.o(.text) refers to printf8.o(i.__0printf$8) for __2printf
    esp8266.o(.text) refers to esp8266.o(.data) for rx_len
    esp8266.o(.text) refers to esp8266.o(.bss) for rx_buf
    esp8266.o(.text) refers to mqtt.o(.text) for MQTT_BuildConnect
    esp8266.o(.text) refers to esp8266.o(.conststring) for .conststring
    esp8266.o(.text) refers to main.o(.data) for humi
    ds1302.o(.text) refers to stm32f10x_gpio.o(.text) for GPIO_Init
    ds1302.o(.text) refers to stm32f10x_rcc.o(.text) for RCC_APB2PeriphClockCmd
    mqtt.o(.text) refers to strlen.o(.text) for strlen
    mqtt.o(.text) refers to memcpya.o(.text) for __aeabi_memcpy
    stm32f10x_gpio.o(.text) refers to stm32f10x_rcc.o(.text) for RCC_APB2PeriphResetCmd
    stm32f10x_rcc.o(.text) refers to stm32f10x_rcc.o(.data) for APBAHBPrescTable
    stm32f10x_usart.o(.text) refers to stm32f10x_rcc.o(.text) for RCC_APB2PeriphResetCmd
    stm32f10x_adc.o(.text) refers to stm32f10x_rcc.o(.text) for RCC_APB2PeriphResetCmd
    stm32f10x_tim.o(.text) refers to stm32f10x_rcc.o(.text) for RCC_APB2PeriphResetCmd
    entry.o(.ARM.Collect$$$$00000000) refers (Special) to entry10a.o(.ARM.Collect$$$$0000000D) for __rt_final_cpp
    entry.o(.ARM.Collect$$$$00000000) refers (Special) to entry11a.o(.ARM.Collect$$$$0000000F) for __rt_final_exit
    entry.o(.ARM.Collect$$$$00000000) refers (Special) to entry7b.o(.ARM.Collect$$$$00000008) for _main_clock
    entry.o(.ARM.Collect$$$$00000000) refers (Special) to entry8b.o(.ARM.Collect$$$$0000000A) for _main_cpp_init
    entry.o(.ARM.Collect$$$$00000000) refers (Special) to entry9a.o(.ARM.Collect$$$$0000000B) for _main_init
    entry.o(.ARM.Collect$$$$00000000) refers (Special) to entry5.o(.ARM.Collect$$$$00000004) for _main_scatterload
    entry.o(.ARM.Collect$$$$00000000) refers (Special) to entry2.o(.ARM.Collect$$$$00000001) for _main_stk
    printfb.o(i.__0fprintf$bare) refers to printfb.o(i._printf_core) for _printf_core
    printfb.o(i.__0fprintf$bare) refers to usart1.o(.text) for fputc
    printfb.o(i.__0printf$bare) refers to printfb.o(i._printf_core) for _printf_core
    printfb.o(i.__0printf$bare) refers to usart1.o(.text) for fputc
    printfb.o(i.__0printf$bare) refers to stdout.o(.data) for __stdout
    printfb.o(i.__0snprintf$bare) refers to printfb.o(i._printf_core) for _printf_core
    printfb.o(i.__0snprintf$bare) refers to printfb.o(i._snputc) for _snputc
    printfb.o(i.__0sprintf$bare) refers to printfb.o(i._printf_core) for _printf_core
    printfb.o(i.__0sprintf$bare) refers to printfb.o(i._sputc) for _sputc
    printfb.o(i.__0vfprintf$bare) refers to printfb.o(i._printf_core) for _printf_core
    printfb.o(i.__0vfprintf$bare) refers to usart1.o(.text) for fputc
    printfb.o(i.__0vprintf$bare) refers to printfb.o(i._printf_core) for _printf_core
    printfb.o(i.__0vprintf$bare) refers to usart1.o(.text) for fputc
    printfb.o(i.__0vprintf$bare) refers to stdout.o(.data) for __stdout
    printfb.o(i.__0vsnprintf$bare) refers to printfb.o(i._printf_core) for _printf_core
    printfb.o(i.__0vsnprintf$bare) refers to printfb.o(i._snputc) for _snputc
    printfb.o(i.__0vsprintf$bare) refers to printfb.o(i._printf_core) for _printf_core
    printfb.o(i.__0vsprintf$bare) refers to printfb.o(i._sputc) for _sputc
    printf0.o(i.__0fprintf$0) refers to printf0.o(i._printf_core) for _printf_core
    printf0.o(i.__0fprintf$0) refers to usart1.o(.text) for fputc
    printf0.o(i.__0printf$0) refers to printf0.o(i._printf_core) for _printf_core
    printf0.o(i.__0printf$0) refers to usart1.o(.text) for fputc
    printf0.o(i.__0printf$0) refers to stdout.o(.data) for __stdout
    printf0.o(i.__0snprintf$0) refers to printf0.o(i._printf_core) for _printf_core
    printf0.o(i.__0snprintf$0) refers to printf0.o(i._snputc) for _snputc
    printf0.o(i.__0sprintf$0) refers to printf0.o(i._printf_core) for _printf_core
    printf0.o(i.__0sprintf$0) refers to printf0.o(i._sputc) for _sputc
    printf0.o(i.__0vfprintf$0) refers to printf0.o(i._printf_core) for _printf_core
    printf0.o(i.__0vfprintf$0) refers to usart1.o(.text) for fputc
    printf0.o(i.__0vprintf$0) refers to printf0.o(i._printf_core) for _printf_core
    printf0.o(i.__0vprintf$0) refers to usart1.o(.text) for fputc
    printf0.o(i.__0vprintf$0) refers to stdout.o(.data) for __stdout
    printf0.o(i.__0vsnprintf$0) refers to printf0.o(i._printf_core) for _printf_core
    printf0.o(i.__0vsnprintf$0) refers to printf0.o(i._snputc) for _snputc
    printf0.o(i.__0vsprintf$0) refers to printf0.o(i._printf_core) for _printf_core
    printf0.o(i.__0vsprintf$0) refers to printf0.o(i._sputc) for _sputc
    printf1.o(i.__0fprintf$1) refers to printf1.o(i._printf_core) for _printf_core
    printf1.o(i.__0fprintf$1) refers to usart1.o(.text) for fputc
    printf1.o(i.__0printf$1) refers to printf1.o(i._printf_core) for _printf_core
    printf1.o(i.__0printf$1) refers to usart1.o(.text) for fputc
    printf1.o(i.__0printf$1) refers to stdout.o(.data) for __stdout
    printf1.o(i.__0snprintf$1) refers to printf1.o(i._printf_core) for _printf_core
    printf1.o(i.__0snprintf$1) refers to printf1.o(i._snputc) for _snputc
    printf1.o(i.__0sprintf$1) refers to printf1.o(i._printf_core) for _printf_core
    printf1.o(i.__0sprintf$1) refers to printf1.o(i._sputc) for _sputc
    printf1.o(i.__0vfprintf$1) refers to printf1.o(i._printf_core) for _printf_core
    printf1.o(i.__0vfprintf$1) refers to usart1.o(.text) for fputc
    printf1.o(i.__0vprintf$1) refers to printf1.o(i._printf_core) for _printf_core
    printf1.o(i.__0vprintf$1) refers to usart1.o(.text) for fputc
    printf1.o(i.__0vprintf$1) refers to stdout.o(.data) for __stdout
    printf1.o(i.__0vsnprintf$1) refers to printf1.o(i._printf_core) for _printf_core
    printf1.o(i.__0vsnprintf$1) refers to printf1.o(i._snputc) for _snputc
    printf1.o(i.__0vsprintf$1) refers to printf1.o(i._printf_core) for _printf_core
    printf1.o(i.__0vsprintf$1) refers to printf1.o(i._sputc) for _sputc
    printf1.o(i._printf_core) refers to uidiv.o(.text) for __aeabi_uidivmod
    printf2.o(i.__0fprintf$2) refers to printf2.o(i._printf_core) for _printf_core
    printf2.o(i.__0fprintf$2) refers to usart1.o(.text) for fputc
    printf2.o(i.__0printf$2) refers to printf2.o(i._printf_core) for _printf_core
    printf2.o(i.__0printf$2) refers to usart1.o(.text) for fputc
    printf2.o(i.__0printf$2) refers to stdout.o(.data) for __stdout
    printf2.o(i.__0snprintf$2) refers to printf2.o(i._printf_core) for _printf_core
    printf2.o(i.__0snprintf$2) refers to printf2.o(i._snputc) for _snputc
    printf2.o(i.__0sprintf$2) refers to printf2.o(i._printf_core) for _printf_core
    printf2.o(i.__0sprintf$2) refers to printf2.o(i._sputc) for _sputc
    printf2.o(i.__0vfprintf$2) refers to printf2.o(i._printf_core) for _printf_core
    printf2.o(i.__0vfprintf$2) refers to usart1.o(.text) for fputc
    printf2.o(i.__0vprintf$2) refers to printf2.o(i._printf_core) for _printf_core
    printf2.o(i.__0vprintf$2) refers to usart1.o(.text) for fputc
    printf2.o(i.__0vprintf$2) refers to stdout.o(.data) for __stdout
    printf2.o(i.__0vsnprintf$2) refers to printf2.o(i._printf_core) for _printf_core
    printf2.o(i.__0vsnprintf$2) refers to printf2.o(i._snputc) for _snputc
    printf2.o(i.__0vsprintf$2) refers to printf2.o(i._printf_core) for _printf_core
    printf2.o(i.__0vsprintf$2) refers to printf2.o(i._sputc) for _sputc
    printf3.o(i.__0fprintf$3) refers to printf3.o(i._printf_core) for _printf_core
    printf3.o(i.__0fprintf$3) refers to usart1.o(.text) for fputc
    printf3.o(i.__0printf$3) refers to printf3.o(i._printf_core) for _printf_core
    printf3.o(i.__0printf$3) refers to usart1.o(.text) for fputc
    printf3.o(i.__0printf$3) refers to stdout.o(.data) for __stdout
    printf3.o(i.__0snprintf$3) refers to printf3.o(i._printf_core) for _printf_core
    printf3.o(i.__0snprintf$3) refers to printf3.o(i._snputc) for _snputc
    printf3.o(i.__0sprintf$3) refers to printf3.o(i._printf_core) for _printf_core
    printf3.o(i.__0sprintf$3) refers to printf3.o(i._sputc) for _sputc
    printf3.o(i.__0vfprintf$3) refers to printf3.o(i._printf_core) for _printf_core
    printf3.o(i.__0vfprintf$3) refers to usart1.o(.text) for fputc
    printf3.o(i.__0vprintf$3) refers to printf3.o(i._printf_core) for _printf_core
    printf3.o(i.__0vprintf$3) refers to usart1.o(.text) for fputc
    printf3.o(i.__0vprintf$3) refers to stdout.o(.data) for __stdout
    printf3.o(i.__0vsnprintf$3) refers to printf3.o(i._printf_core) for _printf_core
    printf3.o(i.__0vsnprintf$3) refers to printf3.o(i._snputc) for _snputc
    printf3.o(i.__0vsprintf$3) refers to printf3.o(i._printf_core) for _printf_core
    printf3.o(i.__0vsprintf$3) refers to printf3.o(i._sputc) for _sputc
    printf3.o(i._printf_core) refers to uidiv.o(.text) for __aeabi_uidivmod
    printf4.o(i.__0fprintf$4) refers to printf4.o(i._printf_core) for _printf_core
    printf4.o(i.__0fprintf$4) refers to usart1.o(.text) for fputc
    printf4.o(i.__0printf$4) refers to printf4.o(i._printf_core) for _printf_core
    printf4.o(i.__0printf$4) refers to usart1.o(.text) for fputc
    printf4.o(i.__0printf$4) refers to stdout.o(.data) for __stdout
    printf4.o(i.__0snprintf$4) refers to printf4.o(i._printf_core) for _printf_core
    printf4.o(i.__0snprintf$4) refers to printf4.o(i._snputc) for _snputc
    printf4.o(i.__0sprintf$4) refers to printf4.o(i._printf_core) for _printf_core
    printf4.o(i.__0sprintf$4) refers to printf4.o(i._sputc) for _sputc
    printf4.o(i.__0vfprintf$4) refers to printf4.o(i._printf_core) for _printf_core
    printf4.o(i.__0vfprintf$4) refers to usart1.o(.text) for fputc
    printf4.o(i.__0vprintf$4) refers to printf4.o(i._printf_core) for _printf_core
    printf4.o(i.__0vprintf$4) refers to usart1.o(.text) for fputc
    printf4.o(i.__0vprintf$4) refers to stdout.o(.data) for __stdout
    printf4.o(i.__0vsnprintf$4) refers to printf4.o(i._printf_core) for _printf_core
    printf4.o(i.__0vsnprintf$4) refers to printf4.o(i._snputc) for _snputc
    printf4.o(i.__0vsprintf$4) refers to printf4.o(i._printf_core) for _printf_core
    printf4.o(i.__0vsprintf$4) refers to printf4.o(i._sputc) for _sputc
    printf4.o(i._printf_core) refers to uldiv.o(.text) for __aeabi_uldivmod
    printf5.o(i.__0fprintf$5) refers to printf5.o(i._printf_core) for _printf_core
    printf5.o(i.__0fprintf$5) refers to usart1.o(.text) for fputc
    printf5.o(i.__0printf$5) refers to printf5.o(i._printf_core) for _printf_core
    printf5.o(i.__0printf$5) refers to usart1.o(.text) for fputc
    printf5.o(i.__0printf$5) refers to stdout.o(.data) for __stdout
    printf5.o(i.__0snprintf$5) refers to printf5.o(i._printf_core) for _printf_core
    printf5.o(i.__0snprintf$5) refers to printf5.o(i._snputc) for _snputc
    printf5.o(i.__0sprintf$5) refers to printf5.o(i._printf_core) for _printf_core
    printf5.o(i.__0sprintf$5) refers to printf5.o(i._sputc) for _sputc
    printf5.o(i.__0vfprintf$5) refers to printf5.o(i._printf_core) for _printf_core
    printf5.o(i.__0vfprintf$5) refers to usart1.o(.text) for fputc
    printf5.o(i.__0vprintf$5) refers to printf5.o(i._printf_core) for _printf_core
    printf5.o(i.__0vprintf$5) refers to usart1.o(.text) for fputc
    printf5.o(i.__0vprintf$5) refers to stdout.o(.data) for __stdout
    printf5.o(i.__0vsnprintf$5) refers to printf5.o(i._printf_core) for _printf_core
    printf5.o(i.__0vsnprintf$5) refers to printf5.o(i._snputc) for _snputc
    printf5.o(i.__0vsprintf$5) refers to printf5.o(i._printf_core) for _printf_core
    printf5.o(i.__0vsprintf$5) refers to printf5.o(i._sputc) for _sputc
    printf5.o(i._printf_core) refers to uldiv.o(.text) for __aeabi_uldivmod
    printf6.o(i.__0fprintf$6) refers to printf6.o(i._printf_core) for _printf_core
    printf6.o(i.__0fprintf$6) refers to usart1.o(.text) for fputc
    printf6.o(i.__0printf$6) refers to printf6.o(i._printf_core) for _printf_core
    printf6.o(i.__0printf$6) refers to usart1.o(.text) for fputc
    printf6.o(i.__0printf$6) refers to stdout.o(.data) for __stdout
    printf6.o(i.__0snprintf$6) refers to printf6.o(i._printf_core) for _printf_core
    printf6.o(i.__0snprintf$6) refers to printf6.o(i._snputc) for _snputc
    printf6.o(i.__0sprintf$6) refers to printf6.o(i._printf_core) for _printf_core
    printf6.o(i.__0sprintf$6) refers to printf6.o(i._sputc) for _sputc
    printf6.o(i.__0vfprintf$6) refers to printf6.o(i._printf_core) for _printf_core
    printf6.o(i.__0vfprintf$6) refers to usart1.o(.text) for fputc
    printf6.o(i.__0vprintf$6) refers to printf6.o(i._printf_core) for _printf_core
    printf6.o(i.__0vprintf$6) refers to usart1.o(.text) for fputc
    printf6.o(i.__0vprintf$6) refers to stdout.o(.data) for __stdout
    printf6.o(i.__0vsnprintf$6) refers to printf6.o(i._printf_core) for _printf_core
    printf6.o(i.__0vsnprintf$6) refers to printf6.o(i._snputc) for _snputc
    printf6.o(i.__0vsprintf$6) refers to printf6.o(i._printf_core) for _printf_core
    printf6.o(i.__0vsprintf$6) refers to printf6.o(i._sputc) for _sputc
    printf6.o(i._printf_core) refers to printf6.o(i._printf_pre_padding) for _printf_pre_padding
    printf6.o(i._printf_core) refers to uidiv.o(.text) for __aeabi_uidivmod
    printf6.o(i._printf_core) refers to printf6.o(i._printf_post_padding) for _printf_post_padding
    printf7.o(i.__0fprintf$7) refers to printf7.o(i._printf_core) for _printf_core
    printf7.o(i.__0fprintf$7) refers to usart1.o(.text) for fputc
    printf7.o(i.__0printf$7) refers to printf7.o(i._printf_core) for _printf_core
    printf7.o(i.__0printf$7) refers to usart1.o(.text) for fputc
    printf7.o(i.__0printf$7) refers to stdout.o(.data) for __stdout
    printf7.o(i.__0snprintf$7) refers to printf7.o(i._printf_core) for _printf_core
    printf7.o(i.__0snprintf$7) refers to printf7.o(i._snputc) for _snputc
    printf7.o(i.__0sprintf$7) refers to printf7.o(i._printf_core) for _printf_core
    printf7.o(i.__0sprintf$7) refers to printf7.o(i._sputc) for _sputc
    printf7.o(i.__0vfprintf$7) refers to printf7.o(i._printf_core) for _printf_core
    printf7.o(i.__0vfprintf$7) refers to usart1.o(.text) for fputc
    printf7.o(i.__0vprintf$7) refers to printf7.o(i._printf_core) for _printf_core
    printf7.o(i.__0vprintf$7) refers to usart1.o(.text) for fputc
    printf7.o(i.__0vprintf$7) refers to stdout.o(.data) for __stdout
    printf7.o(i.__0vsnprintf$7) refers to printf7.o(i._printf_core) for _printf_core
    printf7.o(i.__0vsnprintf$7) refers to printf7.o(i._snputc) for _snputc
    printf7.o(i.__0vsprintf$7) refers to printf7.o(i._printf_core) for _printf_core
    printf7.o(i.__0vsprintf$7) refers to printf7.o(i._sputc) for _sputc
    printf7.o(i._printf_core) refers to printf7.o(i._printf_pre_padding) for _printf_pre_padding
    printf7.o(i._printf_core) refers to uldiv.o(.text) for __aeabi_uldivmod
    printf7.o(i._printf_core) refers to printf7.o(i._printf_post_padding) for _printf_post_padding
    printf8.o(i.__0fprintf$8) refers to printf8.o(i._printf_core) for _printf_core
    printf8.o(i.__0fprintf$8) refers to usart1.o(.text) for fputc
    printf8.o(i.__0printf$8) refers to printf8.o(i._printf_core) for _printf_core
    printf8.o(i.__0printf$8) refers to usart1.o(.text) for fputc
    printf8.o(i.__0printf$8) refers to stdout.o(.data) for __stdout
    printf8.o(i.__0snprintf$8) refers to printf8.o(i._printf_core) for _printf_core
    printf8.o(i.__0snprintf$8) refers to printf8.o(i._snputc) for _snputc
    printf8.o(i.__0sprintf$8) refers to printf8.o(i._printf_core) for _printf_core
    printf8.o(i.__0sprintf$8) refers to printf8.o(i._sputc) for _sputc
    printf8.o(i.__0vfprintf$8) refers to printf8.o(i._printf_core) for _printf_core
    printf8.o(i.__0vfprintf$8) refers to usart1.o(.text) for fputc
    printf8.o(i.__0vprintf$8) refers to printf8.o(i._printf_core) for _printf_core
    printf8.o(i.__0vprintf$8) refers to usart1.o(.text) for fputc
    printf8.o(i.__0vprintf$8) refers to stdout.o(.data) for __stdout
    printf8.o(i.__0vsnprintf$8) refers to printf8.o(i._printf_core) for _printf_core
    printf8.o(i.__0vsnprintf$8) refers to printf8.o(i._snputc) for _snputc
    printf8.o(i.__0vsprintf$8) refers to printf8.o(i._printf_core) for _printf_core
    printf8.o(i.__0vsprintf$8) refers to printf8.o(i._sputc) for _sputc
    printf8.o(i._printf_core) refers to printf8.o(i._printf_pre_padding) for _printf_pre_padding
    printf8.o(i._printf_core) refers to uldiv.o(.text) for __aeabi_uldivmod
    printf8.o(i._printf_core) refers to printf8.o(i._printf_post_padding) for _printf_post_padding
    printfa.o(i.__0fprintf) refers (Special) to iusefp.o(.text) for __I$use$fp
    printfa.o(i.__0fprintf) refers to printfa.o(i._printf_core) for _printf_core
    printfa.o(i.__0fprintf) refers to usart1.o(.text) for fputc
    printfa.o(i.__0printf) refers (Special) to iusefp.o(.text) for __I$use$fp
    printfa.o(i.__0printf) refers to printfa.o(i._printf_core) for _printf_core
    printfa.o(i.__0printf) refers to usart1.o(.text) for fputc
    printfa.o(i.__0printf) refers to stdout.o(.data) for __stdout
    printfa.o(i.__0snprintf) refers (Special) to iusefp.o(.text) for __I$use$fp
    printfa.o(i.__0snprintf) refers to printfa.o(i._printf_core) for _printf_core
    printfa.o(i.__0snprintf) refers to printfa.o(i._snputc) for _snputc
    printfa.o(i.__0sprintf) refers (Special) to iusefp.o(.text) for __I$use$fp
    printfa.o(i.__0sprintf) refers to printfa.o(i._printf_core) for _printf_core
    printfa.o(i.__0sprintf) refers to printfa.o(i._sputc) for _sputc
    printfa.o(i.__0vfprintf) refers (Special) to iusefp.o(.text) for __I$use$fp
    printfa.o(i.__0vfprintf) refers to printfa.o(i._printf_core) for _printf_core
    printfa.o(i.__0vfprintf) refers to usart1.o(.text) for fputc
    printfa.o(i.__0vprintf) refers (Special) to iusefp.o(.text) for __I$use$fp
    printfa.o(i.__0vprintf) refers to printfa.o(i._printf_core) for _printf_core
    printfa.o(i.__0vprintf) refers to usart1.o(.text) for fputc
    printfa.o(i.__0vprintf) refers to stdout.o(.data) for __stdout
    printfa.o(i.__0vsnprintf) refers (Special) to iusefp.o(.text) for __I$use$fp
    printfa.o(i.__0vsnprintf) refers to printfa.o(i._printf_core) for _printf_core
    printfa.o(i.__0vsnprintf) refers to printfa.o(i._snputc) for _snputc
    printfa.o(i.__0vsprintf) refers (Special) to iusefp.o(.text) for __I$use$fp
    printfa.o(i.__0vsprintf) refers to printfa.o(i._printf_core) for _printf_core
    printfa.o(i.__0vsprintf) refers to printfa.o(i._sputc) for _sputc
    printfa.o(i._fp_digits) refers (Special) to iusefp.o(.text) for __I$use$fp
    printfa.o(i._fp_digits) refers to dmul.o(.text) for __aeabi_dmul
    printfa.o(i._fp_digits) refers to ddiv.o(.text) for __aeabi_ddiv
    printfa.o(i._fp_digits) refers to cdrcmple.o(.text) for __aeabi_cdrcmple
    printfa.o(i._fp_digits) refers to dadd.o(.text) for __aeabi_dadd
    printfa.o(i._fp_digits) refers to dfixul.o(.text) for __aeabi_d2ulz
    printfa.o(i._fp_digits) refers to uldiv.o(.text) for __aeabi_uldivmod
    printfa.o(i._printf_core) refers (Special) to iusefp.o(.text) for __I$use$fp
    printfa.o(i._printf_core) refers to printfa.o(i._printf_pre_padding) for _printf_pre_padding
    printfa.o(i._printf_core) refers to uldiv.o(.text) for __aeabi_uldivmod
    printfa.o(i._printf_core) refers to printfa.o(i._printf_post_padding) for _printf_post_padding
    printfa.o(i._printf_core) refers to printfa.o(i._fp_digits) for _fp_digits
    printfa.o(i._printf_core) refers to uidiv.o(.text) for __aeabi_uidivmod
    printfa.o(i._printf_post_padding) refers (Special) to iusefp.o(.text) for __I$use$fp
    printfa.o(i._printf_pre_padding) refers (Special) to iusefp.o(.text) for __I$use$fp
    printfa.o(i._snputc) refers (Special) to iusefp.o(.text) for __I$use$fp
    printfa.o(i._sputc) refers (Special) to iusefp.o(.text) for __I$use$fp
    entry2.o(.ARM.Collect$$$$00000001) refers to entry2.o(.ARM.Collect$$$$00002712) for __lit__00000000
    entry2.o(.ARM.Collect$$$$00002712) refers to startup_stm32f10x_md.o(STACK) for __initial_sp
    entry2.o(__vectab_stack_and_reset_area) refers to startup_stm32f10x_md.o(STACK) for __initial_sp
    entry2.o(__vectab_stack_and_reset_area) refers to entry.o(.ARM.Collect$$$$00000000) for __main
    entry5.o(.ARM.Collect$$$$00000004) refers to init.o(.text) for __scatterload
    entry9a.o(.ARM.Collect$$$$0000000B) refers to main.o(.text) for main
    entry9b.o(.ARM.Collect$$$$0000000C) refers to main.o(.text) for main
    uldiv.o(.text) refers to llushr.o(.text) for __aeabi_llsr
    uldiv.o(.text) refers to llshl.o(.text) for __aeabi_llsl
    dadd.o(.text) refers to llshl.o(.text) for __aeabi_llsl
    dadd.o(.text) refers to llsshr.o(.text) for __aeabi_lasr
    dadd.o(.text) refers to depilogue.o(.text) for _double_epilogue
    dmul.o(.text) refers to depilogue.o(.text) for _double_epilogue
    ddiv.o(.text) refers to depilogue.o(.text) for _double_round
    dfixul.o(.text) refers to llushr.o(.text) for __aeabi_llsr
    dfixul.o(.text) refers to llshl.o(.text) for __aeabi_llsl
    init.o(.text) refers to entry5.o(.ARM.Collect$$$$00000004) for __main_after_scatterload
    depilogue.o(.text) refers to llshl.o(.text) for __aeabi_llsl
    depilogue.o(.text) refers to llushr.o(.text) for __aeabi_llsr


==============================================================================

Removing Unused input sections from the image.

    Removing startup_stm32f10x_md.o(HEAP), (0 bytes).
    Removing sys.o(.emb_text), (6 bytes).
    Removing sys.o(.text), (12 bytes).
    Removing stm32f10x_adc.o(.text), (1072 bytes).
    Removing stm32f10x_dma.o(.text), (576 bytes).
    Removing stm32f10x_flash.o(.text), (1324 bytes).
    Removing stm32f10x_rtc.o(.text), (328 bytes).
    Removing stm32f10x_tim.o(.text), (3014 bytes).
    Removing stm32f10x_exti.o(.text), (320 bytes).
    Removing core_cm3.o(.emb_text), (32 bytes).
    Removing system_stm32f10x.o(.constdata), (20 bytes).
    Removing dadd.o(.text), (334 bytes).
    Removing dmul.o(.text), (228 bytes).
    Removing ddiv.o(.text), (222 bytes).
    Removing dfixul.o(.text), (48 bytes).
    Removing cdrcmple.o(.text), (48 bytes).
    Removing depilogue.o(.text), (186 bytes).

17 unused section(s) (total 7770 bytes) removed from the image.

==============================================================================

Image Symbol Table

    Local Symbols

    Symbol Name                              Value     Ov Type        Size  Object(Section)

    ../clib/../cmprslib/zerorunl2.c          0x00000000   Number         0  __dczerorl2.o ABSOLUTE
    ../clib/microlib/division.c              0x00000000   Number         0  uldiv.o ABSOLUTE
    ../clib/microlib/division.c              0x00000000   Number         0  uidiv.o ABSOLUTE
    ../clib/microlib/init/entry.s            0x00000000   Number         0  entry11a.o ABSOLUTE
    ../clib/microlib/init/entry.s            0x00000000   Number         0  entry10a.o ABSOLUTE
    ../clib/microlib/init/entry.s            0x00000000   Number         0  entry8a.o ABSOLUTE
    ../clib/microlib/init/entry.s            0x00000000   Number         0  entry7b.o ABSOLUTE
    ../clib/microlib/init/entry.s            0x00000000   Number         0  entry8b.o ABSOLUTE
    ../clib/microlib/init/entry.s            0x00000000   Number         0  entry11b.o ABSOLUTE
    ../clib/microlib/init/entry.s            0x00000000   Number         0  entry9a.o ABSOLUTE
    ../clib/microlib/init/entry.s            0x00000000   Number         0  entry9b.o ABSOLUTE
    ../clib/microlib/init/entry.s            0x00000000   Number         0  entry10b.o ABSOLUTE
    ../clib/microlib/init/entry.s            0x00000000   Number         0  entry.o ABSOLUTE
    ../clib/microlib/init/entry.s            0x00000000   Number         0  entry2.o ABSOLUTE
    ../clib/microlib/init/entry.s            0x00000000   Number         0  entry5.o ABSOLUTE
    ../clib/microlib/init/entry.s            0x00000000   Number         0  entry7a.o ABSOLUTE
    ../clib/microlib/longlong.c              0x00000000   Number         0  llsshr.o ABSOLUTE
    ../clib/microlib/longlong.c              0x00000000   Number         0  llushr.o ABSOLUTE
    ../clib/microlib/longlong.c              0x00000000   Number         0  llshl.o ABSOLUTE
    ../clib/microlib/printf/printf.c         0x00000000   Number         0  printf5.o ABSOLUTE
    ../clib/microlib/printf/printf.c         0x00000000   Number         0  printfa.o ABSOLUTE
    ../clib/microlib/printf/printf.c         0x00000000   Number         0  printf3.o ABSOLUTE
    ../clib/microlib/printf/printf.c         0x00000000   Number         0  printf6.o ABSOLUTE
    ../clib/microlib/printf/printf.c         0x00000000   Number         0  printf7.o ABSOLUTE
    ../clib/microlib/printf/printf.c         0x00000000   Number         0  printf8.o ABSOLUTE
    ../clib/microlib/printf/printf.c         0x00000000   Number         0  printf4.o ABSOLUTE
    ../clib/microlib/printf/printf.c         0x00000000   Number         0  printf2.o ABSOLUTE
    ../clib/microlib/printf/printf.c         0x00000000   Number         0  printf1.o ABSOLUTE
    ../clib/microlib/printf/printf.c         0x00000000   Number         0  printfb.o ABSOLUTE
    ../clib/microlib/printf/printf.c         0x00000000   Number         0  printf0.o ABSOLUTE
    ../clib/microlib/printf/stubs.s          0x00000000   Number         0  stubs.o ABSOLUTE
    ../clib/microlib/stdio/streams.c         0x00000000   Number         0  stdout.o ABSOLUTE
    ../clib/microlib/string/memcpy.c         0x00000000   Number         0  memcpya.o ABSOLUTE
    ../clib/microlib/string/memcpy.c         0x00000000   Number         0  memcpyb.o ABSOLUTE
    ../clib/microlib/string/memset.c         0x00000000   Number         0  memseta.o ABSOLUTE
    ../clib/microlib/string/strchr.c         0x00000000   Number         0  strchr.o ABSOLUTE
    ../clib/microlib/string/strlen.c         0x00000000   Number         0  strlen.o ABSOLUTE
    ../clib/microlib/string/strstr.c         0x00000000   Number         0  strstr.o ABSOLUTE
    ../clib/microlib/stubs.s                 0x00000000   Number         0  iusefp.o ABSOLUTE
    ../fplib/microlib/fpadd.c                0x00000000   Number         0  dadd.o ABSOLUTE
    ../fplib/microlib/fpdiv.c                0x00000000   Number         0  ddiv.o ABSOLUTE
    ../fplib/microlib/fpepilogue.c           0x00000000   Number         0  depilogue.o ABSOLUTE
    ../fplib/microlib/fpfix.c                0x00000000   Number         0  dfixul.o ABSOLUTE
    ../fplib/microlib/fpmul.c                0x00000000   Number         0  dmul.o ABSOLUTE
    ..\CMSIS\core_cm3.c                      0x00000000   Number         0  core_cm3.o ABSOLUTE
    ..\CMSIS\startup\startup_stm32f10x_md.s  0x00000000   Number         0  startup_stm32f10x_md.o ABSOLUTE
    ..\CMSIS\system_stm32f10x.c              0x00000000   Number         0  system_stm32f10x.o ABSOLUTE
    ..\FWlib\src\misc.c                      0x00000000   Number         0  misc.o ABSOLUTE
    ..\FWlib\src\stm32f10x_adc.c             0x00000000   Number         0  stm32f10x_adc.o ABSOLUTE
    ..\FWlib\src\stm32f10x_dma.c             0x00000000   Number         0  stm32f10x_dma.o ABSOLUTE
    ..\FWlib\src\stm32f10x_exti.c            0x00000000   Number         0  stm32f10x_exti.o ABSOLUTE
    ..\FWlib\src\stm32f10x_flash.c           0x00000000   Number         0  stm32f10x_flash.o ABSOLUTE
    ..\FWlib\src\stm32f10x_gpio.c            0x00000000   Number         0  stm32f10x_gpio.o ABSOLUTE
    ..\FWlib\src\stm32f10x_rcc.c             0x00000000   Number         0  stm32f10x_rcc.o ABSOLUTE
    ..\FWlib\src\stm32f10x_rtc.c             0x00000000   Number         0  stm32f10x_rtc.o ABSOLUTE
    ..\FWlib\src\stm32f10x_tim.c             0x00000000   Number         0  stm32f10x_tim.o ABSOLUTE
    ..\FWlib\src\stm32f10x_usart.c           0x00000000   Number         0  stm32f10x_usart.o ABSOLUTE
    ..\\CMSIS\\core_cm3.c                    0x00000000   Number         0  core_cm3.o ABSOLUTE
    cdrcmple.s                               0x00000000   Number         0  cdrcmple.o ABSOLUTE
    dc.s                                     0x00000000   Number         0  dc.o ABSOLUTE
    delay.c                                  0x00000000   Number         0  delay.o ABSOLUTE
    dht11.c                                  0x00000000   Number         0  dht11.o ABSOLUTE
    ds1302.c                                 0x00000000   Number         0  ds1302.o ABSOLUTE
    esp8266.c                                0x00000000   Number         0  esp8266.o ABSOLUTE
    handlers.s                               0x00000000   Number         0  handlers.o ABSOLUTE
    init.s                                   0x00000000   Number         0  init.o ABSOLUTE
    led.c                                    0x00000000   Number         0  led.o ABSOLUTE
    main.c                                   0x00000000   Number         0  main.o ABSOLUTE
    mqtt.c                                   0x00000000   Number         0  mqtt.o ABSOLUTE
    oled.c                                   0x00000000   Number         0  oled.o ABSOLUTE
    stm32f10x_it.c                           0x00000000   Number         0  stm32f10x_it.o ABSOLUTE
    sys.c                                    0x00000000   Number         0  sys.o ABSOLUTE
    sys.c                                    0x00000000   Number         0  sys.o ABSOLUTE
    usart1.c                                 0x00000000   Number         0  usart1.o ABSOLUTE
    RESET                                    0x08000000   Section      236  startup_stm32f10x_md.o(RESET)
    .ARM.Collect$$$$00000000                 0x080000ec   Section        0  entry.o(.ARM.Collect$$$$00000000)
    .ARM.Collect$$$$00000001                 0x080000ec   Section        4  entry2.o(.ARM.Collect$$$$00000001)
    .ARM.Collect$$$$00000004                 0x080000f0   Section        4  entry5.o(.ARM.Collect$$$$00000004)
    .ARM.Collect$$$$00000008                 0x080000f4   Section        0  entry7b.o(.ARM.Collect$$$$00000008)
    .ARM.Collect$$$$0000000A                 0x080000f4   Section        0  entry8b.o(.ARM.Collect$$$$0000000A)
    .ARM.Collect$$$$0000000B                 0x080000f4   Section        8  entry9a.o(.ARM.Collect$$$$0000000B)
    .ARM.Collect$$$$0000000D                 0x080000fc   Section        0  entry10a.o(.ARM.Collect$$$$0000000D)
    .ARM.Collect$$$$0000000F                 0x080000fc   Section        0  entry11a.o(.ARM.Collect$$$$0000000F)
    .ARM.Collect$$$$00002712                 0x080000fc   Section        4  entry2.o(.ARM.Collect$$$$00002712)
    __lit__00000000                          0x080000fc   Data           4  entry2.o(.ARM.Collect$$$$00002712)
    .text                                    0x08000100   Section       28  startup_stm32f10x_md.o(.text)
    .text                                    0x0800011c   Section        0  main.o(.text)
    .text                                    0x080004e0   Section        0  led.o(.text)
    .text                                    0x08000568   Section        0  usart1.o(.text)
    .text                                    0x08000604   Section        0  delay.o(.text)
    .text                                    0x080006b0   Section        0  dht11.o(.text)
    .text                                    0x08000850   Section        0  stm32f10x_it.o(.text)
    .text                                    0x0800086c   Section        0  oled.o(.text)
    .text                                    0x08000e1c   Section        0  esp8266.o(.text)
    ESP8266_USART2_Init                      0x08000e1d   Thumb Code   154  esp8266.o(.text)
    ESP8266_SendCmd                          0x08000f0f   Thumb Code    38  esp8266.o(.text)
    ESP8266_ClearRx                          0x08000f35   Thumb Code    24  esp8266.o(.text)
    ESP8266_RxHas                            0x08000f4d   Thumb Code    52  esp8266.o(.text)
    ESP8266_ParseIPD                         0x08000f81   Thumb Code    86  esp8266.o(.text)
    ESP8266_TCPSend                          0x08000fd7   Thumb Code   178  esp8266.o(.text)
    ESP8266_TransparentEnter                 0x08001089   Thumb Code    40  esp8266.o(.text)
    ESP8266_TransparentExit                  0x080010b1   Thumb Code    60  esp8266.o(.text)
    ESP8266_TransparentLoop                  0x080010ed   Thumb Code   122  esp8266.o(.text)
    .text                                    0x08001da4   Section        0  ds1302.o(.text)
    DS1302_Delay                             0x08001da5   Thumb Code    16  ds1302.o(.text)
    DS1302_IO_OUT                            0x08001db5   Thumb Code    32  ds1302.o(.text)
    DS1302_IO_IN                             0x08001dd5   Thumb Code    26  ds1302.o(.text)
    DS1302_Write_Byte                        0x08001def   Thumb Code    80  ds1302.o(.text)
    DS1302_Read_Byte                         0x08001e3f   Thumb Code    70  ds1302.o(.text)
    DS1302_Write_Reg                         0x08001e85   Thumb Code    54  ds1302.o(.text)
    DS1302_Read_Reg                          0x08001ebb   Thumb Code    54  ds1302.o(.text)
    BCD_TO_DEC                               0x08001ef1   Thumb Code    20  ds1302.o(.text)
    DEC_TO_BCD                               0x08001f05   Thumb Code    26  ds1302.o(.text)
    .text                                    0x08002058   Section        0  mqtt.o(.text)
    mqtt_encode_len                          0x08002059   Thumb Code    36  mqtt.o(.text)
    put16                                    0x0800207d   Thumb Code     8  mqtt.o(.text)
    SHA1_Transform                           0x0800224d   Thumb Code   356  mqtt.o(.text)
    SHA1_Init                                0x080023b1   Thumb Code    34  mqtt.o(.text)
    SHA1_Update                              0x080023d3   Thumb Code   126  mqtt.o(.text)
    SHA1_Final                               0x08002451   Thumb Code   128  mqtt.o(.text)
    .text                                    0x080025b8   Section        0  stm32f10x_gpio.o(.text)
    .text                                    0x080028e8   Section        0  stm32f10x_rcc.o(.text)
    .text                                    0x08002c88   Section        0  stm32f10x_usart.o(.text)
    .text                                    0x08002ff8   Section        0  misc.o(.text)
    .text                                    0x080030d4   Section        0  system_stm32f10x.o(.text)
    SetSysClockTo72                          0x080030d5   Thumb Code   220  system_stm32f10x.o(.text)
    SetSysClock                              0x080031b1   Thumb Code     8  system_stm32f10x.o(.text)
    .text                                    0x0800320c   Section        0  memcpya.o(.text)
    .text                                    0x08003230   Section        0  memseta.o(.text)
    .text                                    0x08003254   Section        0  strstr.o(.text)
    .text                                    0x08003278   Section        0  strchr.o(.text)
    .text                                    0x0800328c   Section        0  strlen.o(.text)
    .text                                    0x0800329a   Section        0  uldiv.o(.text)
    .text                                    0x080032fc   Section       36  init.o(.text)
    .text                                    0x08003320   Section        0  llshl.o(.text)
    .text                                    0x0800333e   Section        0  llushr.o(.text)
    .text                                    0x0800335e   Section        0  __dczerorl2.o(.text)
    i.__0printf$8                            0x080033b4   Section        0  printf8.o(i.__0printf$8)
    i.__0sprintf$8                           0x080033d4   Section        0  printf8.o(i.__0sprintf$8)
    i.__scatterload_copy                     0x080033fc   Section       14  handlers.o(i.__scatterload_copy)
    i.__scatterload_null                     0x0800340a   Section        2  handlers.o(i.__scatterload_null)
    i.__scatterload_zeroinit                 0x0800340c   Section       14  handlers.o(i.__scatterload_zeroinit)
    i._printf_core                           0x0800341c   Section        0  printf8.o(i._printf_core)
    _printf_core                             0x0800341d   Thumb Code   996  printf8.o(i._printf_core)
    i._printf_post_padding                   0x0800382c   Section        0  printf8.o(i._printf_post_padding)
    _printf_post_padding                     0x0800382d   Thumb Code    36  printf8.o(i._printf_post_padding)
    i._printf_pre_padding                    0x08003850   Section        0  printf8.o(i._printf_pre_padding)
    _printf_pre_padding                      0x08003851   Thumb Code    46  printf8.o(i._printf_pre_padding)
    i._sputc                                 0x0800387e   Section        0  printf8.o(i._sputc)
    _sputc                                   0x0800387f   Thumb Code    10  printf8.o(i._sputc)
    .constdata                               0x08003888   Section     2072  oled.o(.constdata)
    .conststring                             0x080040a0   Section      212  esp8266.o(.conststring)
    .data                                    0x20000000   Section       14  main.o(.data)
    oled_tick                                0x2000000c   Data           2  main.o(.data)
    .data                                    0x2000000e   Section        4  delay.o(.data)
    fac_us                                   0x2000000e   Data           1  delay.o(.data)
    fac_ms                                   0x20000010   Data           2  delay.o(.data)
    .data                                    0x20000012   Section      640  oled.o(.data)
    .data                                    0x20000294   Section       24  esp8266.o(.data)
    rx_len                                   0x20000294   Data           2  esp8266.o(.data)
    last_rx_len                              0x20000296   Data           2  esp8266.o(.data)
    esp_state                                0x20000298   Data           1  esp8266.o(.data)
    state_timer                              0x2000029a   Data           2  esp8266.o(.data)
    abs_ticks                                0x2000029c   Data           4  esp8266.o(.data)
    wifi_connected                           0x200002a0   Data           1  esp8266.o(.data)
    mqtt_online                              0x200002a1   Data           1  esp8266.o(.data)
    mqtt_timer                               0x200002a4   Data           4  esp8266.o(.data)
    transparent_mode                         0x200002a8   Data           1  esp8266.o(.data)
    plus_count                               0x200002a9   Data           1  esp8266.o(.data)
    plus_timer                               0x200002aa   Data           2  esp8266.o(.data)
    .data                                    0x200002ac   Section       20  stm32f10x_rcc.o(.data)
    APBAHBPrescTable                         0x200002ac   Data          16  stm32f10x_rcc.o(.data)
    ADCPrescTable                            0x200002bc   Data           4  stm32f10x_rcc.o(.data)
    .data                                    0x200002c0   Section        4  stdout.o(.data)
    .bss                                     0x200002c4   Section      512  main.o(.bss)
    .bss                                     0x200004c4   Section     1024  esp8266.o(.bss)
    rx_buf                                   0x200004c4   Data         512  esp8266.o(.bss)
    tx_buf                                   0x200006c4   Data         512  esp8266.o(.bss)
    STACK                                    0x200008c8   Section      512  startup_stm32f10x_md.o(STACK)

    Global Symbols

    Symbol Name                              Value     Ov Type        Size  Object(Section)

    BuildAttributes$$THM_ISAv4$P$D$K$B$S$PE$A:L22UL41UL21$X:L11$S22US41US21$IEEE1$IW$USESV6$~STKCKD$USESV7$~SHL$OSPACE$ROPI$EBA8$MICROLIB$REQ8$PRES8$EABIv2 0x00000000   Number         0  anon$$obj.o ABSOLUTE
    __ARM_use_no_argv                        0x00000000   Number         0  main.o ABSOLUTE
    _printf_a                                0x00000000   Number         0  stubs.o ABSOLUTE
    _printf_c                                0x00000000   Number         0  stubs.o ABSOLUTE
    _printf_charcount                        0x00000000   Number         0  stubs.o ABSOLUTE
    _printf_d                                0x00000000   Number         0  stubs.o ABSOLUTE
    _printf_e                                0x00000000   Number         0  stubs.o ABSOLUTE
    _printf_f                                0x00000000   Number         0  stubs.o ABSOLUTE
    _printf_flags                            0x00000000   Number         0  stubs.o ABSOLUTE
    _printf_fp_dec                           0x00000000   Number         0  stubs.o ABSOLUTE
    _printf_fp_hex                           0x00000000   Number         0  stubs.o ABSOLUTE
    _printf_g                                0x00000000   Number         0  stubs.o ABSOLUTE
    _printf_i                                0x00000000   Number         0  stubs.o ABSOLUTE
    _printf_int_dec                          0x00000000   Number         0  stubs.o ABSOLUTE
    _printf_l                                0x00000000   Number         0  stubs.o ABSOLUTE
    _printf_lc                               0x00000000   Number         0  stubs.o ABSOLUTE
    _printf_ll                               0x00000000   Number         0  stubs.o ABSOLUTE
    _printf_lld                              0x00000000   Number         0  stubs.o ABSOLUTE
    _printf_lli                              0x00000000   Number         0  stubs.o ABSOLUTE
    _printf_llo                              0x00000000   Number         0  stubs.o ABSOLUTE
    _printf_llu                              0x00000000   Number         0  stubs.o ABSOLUTE
    _printf_llx                              0x00000000   Number         0  stubs.o ABSOLUTE
    _printf_longlong_dec                     0x00000000   Number         0  stubs.o ABSOLUTE
    _printf_longlong_hex                     0x00000000   Number         0  stubs.o ABSOLUTE
    _printf_longlong_oct                     0x00000000   Number         0  stubs.o ABSOLUTE
    _printf_ls                               0x00000000   Number         0  stubs.o ABSOLUTE
    _printf_mbtowc                           0x00000000   Number         0  stubs.o ABSOLUTE
    _printf_n                                0x00000000   Number         0  stubs.o ABSOLUTE
    _printf_o                                0x00000000   Number         0  stubs.o ABSOLUTE
    _printf_p                                0x00000000   Number         0  stubs.o ABSOLUTE
    _printf_percent                          0x00000000   Number         0  stubs.o ABSOLUTE
    _printf_pre_padding                      0x00000000   Number         0  stubs.o ABSOLUTE
    _printf_return_value                     0x00000000   Number         0  stubs.o ABSOLUTE
    _printf_s                                0x00000000   Number         0  stubs.o ABSOLUTE
    _printf_sizespec                         0x00000000   Number         0  stubs.o ABSOLUTE
    _printf_str                              0x00000000   Number         0  stubs.o ABSOLUTE
    _printf_truncate_signed                  0x00000000   Number         0  stubs.o ABSOLUTE
    _printf_truncate_unsigned                0x00000000   Number         0  stubs.o ABSOLUTE
    _printf_u                                0x00000000   Number         0  stubs.o ABSOLUTE
    _printf_wc                               0x00000000   Number         0  stubs.o ABSOLUTE
    _printf_wctomb                           0x00000000   Number         0  stubs.o ABSOLUTE
    _printf_widthprec                        0x00000000   Number         0  stubs.o ABSOLUTE
    _printf_x                                0x00000000   Number         0  stubs.o ABSOLUTE
    __cpp_initialize__aeabi_                  - Undefined Weak Reference
    __cxa_finalize                            - Undefined Weak Reference
    _clock_init                               - Undefined Weak Reference
    _microlib_exit                            - Undefined Weak Reference
    __Vectors_Size                           0x000000ec   Number         0  startup_stm32f10x_md.o ABSOLUTE
    __Vectors                                0x08000000   Data           4  startup_stm32f10x_md.o(RESET)
    __Vectors_End                            0x080000ec   Data           0  startup_stm32f10x_md.o(RESET)
    __main                                   0x080000ed   Thumb Code     0  entry.o(.ARM.Collect$$$$00000000)
    _main_stk                                0x080000ed   Thumb Code     0  entry2.o(.ARM.Collect$$$$00000001)
    _main_scatterload                        0x080000f1   Thumb Code     0  entry5.o(.ARM.Collect$$$$00000004)
    __main_after_scatterload                 0x080000f5   Thumb Code     0  entry5.o(.ARM.Collect$$$$00000004)
    _main_clock                              0x080000f5   Thumb Code     0  entry7b.o(.ARM.Collect$$$$00000008)
    _main_cpp_init                           0x080000f5   Thumb Code     0  entry8b.o(.ARM.Collect$$$$0000000A)
    _main_init                               0x080000f5   Thumb Code     0  entry9a.o(.ARM.Collect$$$$0000000B)
    __rt_final_cpp                           0x080000fd   Thumb Code     0  entry10a.o(.ARM.Collect$$$$0000000D)
    __rt_final_exit                          0x080000fd   Thumb Code     0  entry11a.o(.ARM.Collect$$$$0000000F)
    Reset_Handler                            0x08000101   Thumb Code     4  startup_stm32f10x_md.o(.text)
    ADC1_2_IRQHandler                        0x08000117   Thumb Code     0  startup_stm32f10x_md.o(.text)
    CAN1_RX1_IRQHandler                      0x08000117   Thumb Code     0  startup_stm32f10x_md.o(.text)
    CAN1_SCE_IRQHandler                      0x08000117   Thumb Code     0  startup_stm32f10x_md.o(.text)
    DMA1_Channel1_IRQHandler                 0x08000117   Thumb Code     0  startup_stm32f10x_md.o(.text)
    DMA1_Channel2_IRQHandler                 0x08000117   Thumb Code     0  startup_stm32f10x_md.o(.text)
    DMA1_Channel3_IRQHandler                 0x08000117   Thumb Code     0  startup_stm32f10x_md.o(.text)
    DMA1_Channel4_IRQHandler                 0x08000117   Thumb Code     0  startup_stm32f10x_md.o(.text)
    DMA1_Channel5_IRQHandler                 0x08000117   Thumb Code     0  startup_stm32f10x_md.o(.text)
    DMA1_Channel6_IRQHandler                 0x08000117   Thumb Code     0  startup_stm32f10x_md.o(.text)
    DMA1_Channel7_IRQHandler                 0x08000117   Thumb Code     0  startup_stm32f10x_md.o(.text)
    EXTI0_IRQHandler                         0x08000117   Thumb Code     0  startup_stm32f10x_md.o(.text)
    EXTI15_10_IRQHandler                     0x08000117   Thumb Code     0  startup_stm32f10x_md.o(.text)
    EXTI1_IRQHandler                         0x08000117   Thumb Code     0  startup_stm32f10x_md.o(.text)
    EXTI2_IRQHandler                         0x08000117   Thumb Code     0  startup_stm32f10x_md.o(.text)
    EXTI3_IRQHandler                         0x08000117   Thumb Code     0  startup_stm32f10x_md.o(.text)
    EXTI4_IRQHandler                         0x08000117   Thumb Code     0  startup_stm32f10x_md.o(.text)
    EXTI9_5_IRQHandler                       0x08000117   Thumb Code     0  startup_stm32f10x_md.o(.text)
    FLASH_IRQHandler                         0x08000117   Thumb Code     0  startup_stm32f10x_md.o(.text)
    I2C1_ER_IRQHandler                       0x08000117   Thumb Code     0  startup_stm32f10x_md.o(.text)
    I2C1_EV_IRQHandler                       0x08000117   Thumb Code     0  startup_stm32f10x_md.o(.text)
    I2C2_ER_IRQHandler                       0x08000117   Thumb Code     0  startup_stm32f10x_md.o(.text)
    I2C2_EV_IRQHandler                       0x08000117   Thumb Code     0  startup_stm32f10x_md.o(.text)
    PVD_IRQHandler                           0x08000117   Thumb Code     0  startup_stm32f10x_md.o(.text)
    RCC_IRQHandler                           0x08000117   Thumb Code     0  startup_stm32f10x_md.o(.text)
    RTCAlarm_IRQHandler                      0x08000117   Thumb Code     0  startup_stm32f10x_md.o(.text)
    RTC_IRQHandler                           0x08000117   Thumb Code     0  startup_stm32f10x_md.o(.text)
    SPI1_IRQHandler                          0x08000117   Thumb Code     0  startup_stm32f10x_md.o(.text)
    SPI2_IRQHandler                          0x08000117   Thumb Code     0  startup_stm32f10x_md.o(.text)
    TAMPER_IRQHandler                        0x08000117   Thumb Code     0  startup_stm32f10x_md.o(.text)
    TIM1_BRK_IRQHandler                      0x08000117   Thumb Code     0  startup_stm32f10x_md.o(.text)
    TIM1_CC_IRQHandler                       0x08000117   Thumb Code     0  startup_stm32f10x_md.o(.text)
    TIM1_TRG_COM_IRQHandler                  0x08000117   Thumb Code     0  startup_stm32f10x_md.o(.text)
    TIM1_UP_IRQHandler                       0x08000117   Thumb Code     0  startup_stm32f10x_md.o(.text)
    TIM2_IRQHandler                          0x08000117   Thumb Code     0  startup_stm32f10x_md.o(.text)
    TIM3_IRQHandler                          0x08000117   Thumb Code     0  startup_stm32f10x_md.o(.text)
    TIM4_IRQHandler                          0x08000117   Thumb Code     0  startup_stm32f10x_md.o(.text)
    USART1_IRQHandler                        0x08000117   Thumb Code     0  startup_stm32f10x_md.o(.text)
    USART3_IRQHandler                        0x08000117   Thumb Code     0  startup_stm32f10x_md.o(.text)
    USBWakeUp_IRQHandler                     0x08000117   Thumb Code     0  startup_stm32f10x_md.o(.text)
    USB_HP_CAN1_TX_IRQHandler                0x08000117   Thumb Code     0  startup_stm32f10x_md.o(.text)
    USB_LP_CAN1_RX0_IRQHandler               0x08000117   Thumb Code     0  startup_stm32f10x_md.o(.text)
    WWDG_IRQHandler                          0x08000117   Thumb Code     0  startup_stm32f10x_md.o(.text)
    UartRecv_Clear                           0x0800011d   Thumb Code    24  main.o(.text)
    Uart_RecvFlag                            0x08000135   Thumb Code     6  main.o(.text)
    delay_ms                                 0x0800013b   Thumb Code    22  main.o(.text)
    main                                     0x08000151   Thumb Code   782  main.o(.text)
    LED_GPIO_Config                          0x080004e1   Thumb Code    50  led.o(.text)
    LED_Toggle                               0x08000513   Thumb Code    32  led.o(.text)
    LED_On                                   0x08000533   Thumb Code    16  led.o(.text)
    LED_Off                                  0x08000543   Thumb Code    14  led.o(.text)
    LED_Twinkle                              0x08000551   Thumb Code    18  led.o(.text)
    USART1_Config                            0x08000569   Thumb Code   114  usart1.o(.text)
    fputc                                    0x080005db   Thumb Code    32  usart1.o(.text)
    Delay_init                               0x08000605   Thumb Code    52  delay.o(.text)
    Delay_ms                                 0x08000639   Thumb Code    56  delay.o(.text)
    Delay_us                                 0x08000671   Thumb Code    56  delay.o(.text)
    DHT11_Rst                                0x080006b1   Thumb Code    52  dht11.o(.text)
    DHT11_Check                              0x080006e5   Thumb Code    96  dht11.o(.text)
    DHT11_Read_Bit                           0x08000745   Thumb Code    76  dht11.o(.text)
    DHT11_Read_Byte                          0x08000791   Thumb Code    30  dht11.o(.text)
    DHT11_Read_Data                          0x080007af   Thumb Code    88  dht11.o(.text)
    DHT11_Init                               0x08000807   Thumb Code    62  dht11.o(.text)
    NMI_Handler                              0x08000851   Thumb Code     2  stm32f10x_it.o(.text)
    HardFault_Handler                        0x08000853   Thumb Code     4  stm32f10x_it.o(.text)
    MemManage_Handler                        0x08000857   Thumb Code     4  stm32f10x_it.o(.text)
    BusFault_Handler                         0x0800085b   Thumb Code     4  stm32f10x_it.o(.text)
    UsageFault_Handler                       0x0800085f   Thumb Code     4  stm32f10x_it.o(.text)
    SVC_Handler                              0x08000863   Thumb Code     2  stm32f10x_it.o(.text)
    DebugMon_Handler                         0x08000865   Thumb Code     2  stm32f10x_it.o(.text)
    PendSV_Handler                           0x08000867   Thumb Code     2  stm32f10x_it.o(.text)
    SysTick_Handler                          0x08000869   Thumb Code     2  stm32f10x_it.o(.text)
    IIC_Start                                0x0800086d   Thumb Code    44  oled.o(.text)
    IIC_Stop                                 0x08000899   Thumb Code    34  oled.o(.text)
    IIC_Wait_Ack                             0x080008bb   Thumb Code    24  oled.o(.text)
    Write_IIC_Byte                           0x080008d3   Thumb Code    88  oled.o(.text)
    Write_IIC_Command                        0x0800092b   Thumb Code    44  oled.o(.text)
    Write_IIC_Data                           0x08000957   Thumb Code    44  oled.o(.text)
    OLED_WR_Byte                             0x08000983   Thumb Code    24  oled.o(.text)
    fill_picture                             0x0800099b   Thumb Code    66  oled.o(.text)
    Delay_50ms                               0x080009dd   Thumb Code    22  oled.o(.text)
    Delay_1ms                                0x080009f3   Thumb Code    26  oled.o(.text)
    OLED_Set_Pos                             0x08000a0d   Thumb Code    42  oled.o(.text)
    OLED_Display_On                          0x08000a37   Thumb Code    28  oled.o(.text)
    OLED_Display_Off                         0x08000a53   Thumb Code    28  oled.o(.text)
    OLED_Clear                               0x08000a6f   Thumb Code    64  oled.o(.text)
    OLED_On                                  0x08000aaf   Thumb Code    64  oled.o(.text)
    OLED_ShowChar                            0x08000aef   Thumb Code   106  oled.o(.text)
    oled_pow                                 0x08000b59   Thumb Code    22  oled.o(.text)
    OLED_ShowNum                             0x08000b6f   Thumb Code   132  oled.o(.text)
    OLED_ShowString                          0x08000bf3   Thumb Code    54  oled.o(.text)
    OLED_ShowCHinese                         0x08000c29   Thumb Code   110  oled.o(.text)
    OLED_DrawBMP                             0x08000c97   Thumb Code   118  oled.o(.text)
    OLED_Init                                0x08000d0d   Thumb Code   264  oled.o(.text)
    USART2_IRQHandler                        0x08000eb7   Thumb Code    88  esp8266.o(.text)
    ESP8266_Init                             0x08001167   Thumb Code    72  esp8266.o(.text)
    ESP8266_IsConnected                      0x080011af   Thumb Code     6  esp8266.o(.text)
    ESP8266_IsMQTTOnline                     0x080011b5   Thumb Code     6  esp8266.o(.text)
    ESP8266_IsTransparent                    0x080011bb   Thumb Code     6  esp8266.o(.text)
    ESP8266_GetState                         0x080011c1   Thumb Code     6  esp8266.o(.text)
    ESP8266_Process                          0x080011c7   Thumb Code  2764  esp8266.o(.text)
    DS1302_Init                              0x08001f1f   Thumb Code    66  ds1302.o(.text)
    DS1302_SetTime                           0x08001f61   Thumb Code   134  ds1302.o(.text)
    DS1302_GetTime                           0x08001fe7   Thumb Code   108  ds1302.o(.text)
    MQTT_BuildConnect                        0x08002085   Thumb Code   260  mqtt.o(.text)
    MQTT_BuildPublish                        0x08002189   Thumb Code   106  mqtt.o(.text)
    MQTT_BuildPingReq                        0x080021f3   Thumb Code    14  mqtt.o(.text)
    MQTT_BuildDisconnect                     0x08002201   Thumb Code    14  mqtt.o(.text)
    MQTT_ParseConnack                        0x0800220f   Thumb Code    32  mqtt.o(.text)
    MQTT_CheckType                           0x0800222f   Thumb Code    30  mqtt.o(.text)
    MQTT_GenerateToken                       0x080024d1   Thumb Code   174  mqtt.o(.text)
    GPIO_DeInit                              0x080025b9   Thumb Code   188  stm32f10x_gpio.o(.text)
    GPIO_AFIODeInit                          0x08002675   Thumb Code    20  stm32f10x_gpio.o(.text)
    GPIO_Init                                0x08002689   Thumb Code   278  stm32f10x_gpio.o(.text)
    GPIO_StructInit                          0x0800279f   Thumb Code    16  stm32f10x_gpio.o(.text)
    GPIO_ReadInputDataBit                    0x080027af   Thumb Code    18  stm32f10x_gpio.o(.text)
    GPIO_ReadInputData                       0x080027c1   Thumb Code     8  stm32f10x_gpio.o(.text)
    GPIO_ReadOutputDataBit                   0x080027c9   Thumb Code    18  stm32f10x_gpio.o(.text)
    GPIO_ReadOutputData                      0x080027db   Thumb Code     8  stm32f10x_gpio.o(.text)
    GPIO_SetBits                             0x080027e3   Thumb Code     4  stm32f10x_gpio.o(.text)
    GPIO_ResetBits                           0x080027e7   Thumb Code     4  stm32f10x_gpio.o(.text)
    GPIO_WriteBit                            0x080027eb   Thumb Code    10  stm32f10x_gpio.o(.text)
    GPIO_Write                               0x080027f5   Thumb Code     4  stm32f10x_gpio.o(.text)
    GPIO_PinLockConfig                       0x080027f9   Thumb Code    18  stm32f10x_gpio.o(.text)
    GPIO_EventOutputConfig                   0x0800280b   Thumb Code    26  stm32f10x_gpio.o(.text)
    GPIO_EventOutputCmd                      0x08002825   Thumb Code     6  stm32f10x_gpio.o(.text)
    GPIO_PinRemapConfig                      0x0800282b   Thumb Code   106  stm32f10x_gpio.o(.text)
    GPIO_EXTILineConfig                      0x08002895   Thumb Code    66  stm32f10x_gpio.o(.text)
    RCC_DeInit                               0x080028e9   Thumb Code    62  stm32f10x_rcc.o(.text)
    RCC_HSEConfig                            0x08002927   Thumb Code    70  stm32f10x_rcc.o(.text)
    RCC_GetFlagStatus                        0x0800296d   Thumb Code    56  stm32f10x_rcc.o(.text)
    RCC_WaitForHSEStartUp                    0x080029a5   Thumb Code    54  stm32f10x_rcc.o(.text)
    RCC_AdjustHSICalibrationValue            0x080029db   Thumb Code    20  stm32f10x_rcc.o(.text)
    RCC_HSICmd                               0x080029ef   Thumb Code     6  stm32f10x_rcc.o(.text)
    RCC_PLLConfig                            0x080029f5   Thumb Code    24  stm32f10x_rcc.o(.text)
    RCC_PLLCmd                               0x08002a0d   Thumb Code     6  stm32f10x_rcc.o(.text)
    RCC_SYSCLKConfig                         0x08002a13   Thumb Code    18  stm32f10x_rcc.o(.text)
    RCC_GetSYSCLKSource                      0x08002a25   Thumb Code    10  stm32f10x_rcc.o(.text)
    RCC_HCLKConfig                           0x08002a2f   Thumb Code    18  stm32f10x_rcc.o(.text)
    RCC_PCLK1Config                          0x08002a41   Thumb Code    18  stm32f10x_rcc.o(.text)
    RCC_PCLK2Config                          0x08002a53   Thumb Code    20  stm32f10x_rcc.o(.text)
    RCC_ITConfig                             0x08002a67   Thumb Code    26  stm32f10x_rcc.o(.text)
    RCC_USBCLKConfig                         0x08002a81   Thumb Code     8  stm32f10x_rcc.o(.text)
    RCC_ADCCLKConfig                         0x08002a89   Thumb Code    18  stm32f10x_rcc.o(.text)
    RCC_LSEConfig                            0x08002a9b   Thumb Code    50  stm32f10x_rcc.o(.text)
    RCC_LSICmd                               0x08002acd   Thumb Code     6  stm32f10x_rcc.o(.text)
    RCC_RTCCLKConfig                         0x08002ad3   Thumb Code    12  stm32f10x_rcc.o(.text)
    RCC_RTCCLKCmd                            0x08002adf   Thumb Code     8  stm32f10x_rcc.o(.text)
    RCC_GetClocksFreq                        0x08002ae7   Thumb Code   192  stm32f10x_rcc.o(.text)
    RCC_AHBPeriphClockCmd                    0x08002ba7   Thumb Code    26  stm32f10x_rcc.o(.text)
    RCC_APB2PeriphClockCmd                   0x08002bc1   Thumb Code    26  stm32f10x_rcc.o(.text)
    RCC_APB1PeriphClockCmd                   0x08002bdb   Thumb Code    26  stm32f10x_rcc.o(.text)
    RCC_APB2PeriphResetCmd                   0x08002bf5   Thumb Code    26  stm32f10x_rcc.o(.text)
    RCC_APB1PeriphResetCmd                   0x08002c0f   Thumb Code    26  stm32f10x_rcc.o(.text)
    RCC_BackupResetCmd                       0x08002c29   Thumb Code     8  stm32f10x_rcc.o(.text)
    RCC_ClockSecuritySystemCmd               0x08002c31   Thumb Code     6  stm32f10x_rcc.o(.text)
    RCC_MCOConfig                            0x08002c37   Thumb Code     6  stm32f10x_rcc.o(.text)
    RCC_ClearFlag                            0x08002c3d   Thumb Code    14  stm32f10x_rcc.o(.text)
    RCC_GetITStatus                          0x08002c4b   Thumb Code    20  stm32f10x_rcc.o(.text)
    RCC_ClearITPendingBit                    0x08002c5f   Thumb Code     6  stm32f10x_rcc.o(.text)
    USART_DeInit                             0x08002c89   Thumb Code   146  stm32f10x_usart.o(.text)
    USART_Init                               0x08002d1b   Thumb Code   150  stm32f10x_usart.o(.text)
    USART_StructInit                         0x08002db1   Thumb Code    24  stm32f10x_usart.o(.text)
    USART_ClockInit                          0x08002dc9   Thumb Code    34  stm32f10x_usart.o(.text)
    USART_ClockStructInit                    0x08002deb   Thumb Code    12  stm32f10x_usart.o(.text)
    USART_Cmd                                0x08002df7   Thumb Code    24  stm32f10x_usart.o(.text)
    USART_ITConfig                           0x08002e0f   Thumb Code    64  stm32f10x_usart.o(.text)
    USART_DMACmd                             0x08002e4f   Thumb Code    18  stm32f10x_usart.o(.text)
    USART_SetAddress                         0x08002e61   Thumb Code    18  stm32f10x_usart.o(.text)
    USART_WakeUpConfig                       0x08002e73   Thumb Code    18  stm32f10x_usart.o(.text)
    USART_ReceiverWakeUpCmd                  0x08002e85   Thumb Code    24  stm32f10x_usart.o(.text)
    USART_LINBreakDetectLengthConfig         0x08002e9d   Thumb Code    18  stm32f10x_usart.o(.text)
    USART_LINCmd                             0x08002eaf   Thumb Code    24  stm32f10x_usart.o(.text)
    USART_SendData                           0x08002ec7   Thumb Code     8  stm32f10x_usart.o(.text)
    USART_ReceiveData                        0x08002ecf   Thumb Code    10  stm32f10x_usart.o(.text)
    USART_SendBreak                          0x08002ed9   Thumb Code    10  stm32f10x_usart.o(.text)
    USART_SetGuardTime                       0x08002ee3   Thumb Code    16  stm32f10x_usart.o(.text)
    USART_SetPrescaler                       0x08002ef3   Thumb Code    16  stm32f10x_usart.o(.text)
    USART_SmartCardCmd                       0x08002f03   Thumb Code    24  stm32f10x_usart.o(.text)
    USART_SmartCardNACKCmd                   0x08002f1b   Thumb Code    24  stm32f10x_usart.o(.text)
    USART_HalfDuplexCmd                      0x08002f33   Thumb Code    24  stm32f10x_usart.o(.text)
    USART_IrDAConfig                         0x08002f4b   Thumb Code    18  stm32f10x_usart.o(.text)
    USART_IrDACmd                            0x08002f5d   Thumb Code    24  stm32f10x_usart.o(.text)
    USART_GetFlagStatus                      0x08002f75   Thumb Code    18  stm32f10x_usart.o(.text)
    USART_ClearFlag                          0x08002f87   Thumb Code     6  stm32f10x_usart.o(.text)
    USART_GetITStatus                        0x08002f8d   Thumb Code    76  stm32f10x_usart.o(.text)
    USART_ClearITPendingBit                  0x08002fd9   Thumb Code    20  stm32f10x_usart.o(.text)
    NVIC_PriorityGroupConfig                 0x08002ff9   Thumb Code    10  misc.o(.text)
    NVIC_Init                                0x08003003   Thumb Code   100  misc.o(.text)
    NVIC_SetVectorTable                      0x08003067   Thumb Code    14  misc.o(.text)
    NVIC_SystemLPConfig                      0x08003075   Thumb Code    34  misc.o(.text)
    SysTick_CLKSourceConfig                  0x08003097   Thumb Code    40  misc.o(.text)
    SystemInit                               0x080031b9   Thumb Code    68  system_stm32f10x.o(.text)
    __aeabi_memcpy                           0x0800320d   Thumb Code    36  memcpya.o(.text)
    __aeabi_memcpy4                          0x0800320d   Thumb Code     0  memcpya.o(.text)
    __aeabi_memcpy8                          0x0800320d   Thumb Code     0  memcpya.o(.text)
    __aeabi_memset                           0x08003231   Thumb Code    14  memseta.o(.text)
    __aeabi_memset4                          0x08003231   Thumb Code     0  memseta.o(.text)
    __aeabi_memset8                          0x08003231   Thumb Code     0  memseta.o(.text)
    __aeabi_memclr                           0x0800323f   Thumb Code     4  memseta.o(.text)
    __aeabi_memclr4                          0x0800323f   Thumb Code     0  memseta.o(.text)
    __aeabi_memclr8                          0x0800323f   Thumb Code     0  memseta.o(.text)
    _memset$wrapper                          0x08003243   Thumb Code    18  memseta.o(.text)
    strstr                                   0x08003255   Thumb Code    36  strstr.o(.text)
    strchr                                   0x08003279   Thumb Code    20  strchr.o(.text)
    strlen                                   0x0800328d   Thumb Code    14  strlen.o(.text)
    __aeabi_uldivmod                         0x0800329b   Thumb Code    98  uldiv.o(.text)
    __scatterload                            0x080032fd   Thumb Code    28  init.o(.text)
    __scatterload_rt2                        0x080032fd   Thumb Code     0  init.o(.text)
    __aeabi_llsl                             0x08003321   Thumb Code    30  llshl.o(.text)
    _ll_shift_l                              0x08003321   Thumb Code     0  llshl.o(.text)
    __aeabi_llsr                             0x0800333f   Thumb Code    32  llushr.o(.text)
    _ll_ushift_r                             0x0800333f   Thumb Code     0  llushr.o(.text)
    __decompress                             0x0800335f   Thumb Code     0  __dczerorl2.o(.text)
    __decompress1                            0x0800335f   Thumb Code    86  __dczerorl2.o(.text)
    __0printf$8                              0x080033b5   Thumb Code    22  printf8.o(i.__0printf$8)
    __1printf$8                              0x080033b5   Thumb Code     0  printf8.o(i.__0printf$8)
    __2printf                                0x080033b5   Thumb Code     0  printf8.o(i.__0printf$8)
    __0sprintf$8                             0x080033d5   Thumb Code    34  printf8.o(i.__0sprintf$8)
    __1sprintf$8                             0x080033d5   Thumb Code     0  printf8.o(i.__0sprintf$8)
    __2sprintf                               0x080033d5   Thumb Code     0  printf8.o(i.__0sprintf$8)
    __scatterload_copy                       0x080033fd   Thumb Code    14  handlers.o(i.__scatterload_copy)
    __scatterload_null                       0x0800340b   Thumb Code     2  handlers.o(i.__scatterload_null)
    __scatterload_zeroinit                   0x0800340d   Thumb Code    14  handlers.o(i.__scatterload_zeroinit)
    F6x8                                     0x08003888   Data         552  oled.o(.constdata)
    F8X16                                    0x08003ab0   Data        1520  oled.o(.constdata)
    Region$$Table$$Base                      0x08004174   Number         0  anon$$obj.o(Region$$Table)
    Region$$Table$$Limit                     0x08004194   Number         0  anon$$obj.o(Region$$Table)
    UartRxLen                                0x20000000   Data           2  main.o(.data)
    UartRecvFlag                             0x20000002   Data           1  main.o(.data)
    temp                                     0x20000003   Data           1  main.o(.data)
    humi                                     0x20000004   Data           1  main.o(.data)
    time                                     0x20000005   Data           7  main.o(.data)
    Hzk                                      0x20000012   Data         640  oled.o(.data)
    __stdout                                 0x200002c0   Data           4  stdout.o(.data)
    UartRxbuf                                0x200002c4   Data         512  main.o(.bss)
    __initial_sp                             0x20000ac8   Data           0  startup_stm32f10x_md.o(STACK)



==============================================================================

Memory Map of the image

  Image Entry point : 0x08000101

  Load Region LR_1 (Base: 0x08000000, Size: 0x00004458, Max: 0xffffffff, ABSOLUTE, COMPRESSED[0x000042a4])

    Execution Region ER_RO (Exec base: 0x08000000, Load base: 0x08000000, Size: 0x00004194, Max: 0xffffffff, ABSOLUTE)

    Exec Addr    Load Addr    Size         Type   Attr      Idx    E Section Name        Object

    0x08000000   0x08000000   0x000000ec   Data   RO            3    RESET               startup_stm32f10x_md.o
    0x080000ec   0x080000ec   0x00000000   Code   RO          408  * .ARM.Collect$$$$00000000  mc_w.l(entry.o)
    0x080000ec   0x080000ec   0x00000004   Code   RO          684    .ARM.Collect$$$$00000001  mc_w.l(entry2.o)
    0x080000f0   0x080000f0   0x00000004   Code   RO          687    .ARM.Collect$$$$00000004  mc_w.l(entry5.o)
    0x080000f4   0x080000f4   0x00000000   Code   RO          689    .ARM.Collect$$$$00000008  mc_w.l(entry7b.o)
    0x080000f4   0x080000f4   0x00000000   Code   RO          691    .ARM.Collect$$$$0000000A  mc_w.l(entry8b.o)
    0x080000f4   0x080000f4   0x00000008   Code   RO          692    .ARM.Collect$$$$0000000B  mc_w.l(entry9a.o)
    0x080000fc   0x080000fc   0x00000000   Code   RO          694    .ARM.Collect$$$$0000000D  mc_w.l(entry10a.o)
    0x080000fc   0x080000fc   0x00000000   Code   RO          696    .ARM.Collect$$$$0000000F  mc_w.l(entry11a.o)
    0x080000fc   0x080000fc   0x00000004   Code   RO          685    .ARM.Collect$$$$00002712  mc_w.l(entry2.o)
    0x08000100   0x08000100   0x0000001c   Code   RO            4  * .text               startup_stm32f10x_md.o
    0x0800011c   0x0800011c   0x000003c4   Code   RO           10    .text               main.o
    0x080004e0   0x080004e0   0x00000088   Code   RO           92    .text               led.o
    0x08000568   0x08000568   0x0000009c   Code   RO          104    .text               usart1.o
    0x08000604   0x08000604   0x000000ac   Code   RO          123    .text               delay.o
    0x080006b0   0x080006b0   0x000001a0   Code   RO          140    .text               dht11.o
    0x08000850   0x08000850   0x0000001a   Code   RO          168    .text               stm32f10x_it.o
    0x0800086a   0x0800086a   0x00000002   PAD
    0x0800086c   0x0800086c   0x000005b0   Code   RO          183    .text               oled.o
    0x08000e1c   0x08000e1c   0x00000f88   Code   RO          202    .text               esp8266.o
    0x08001da4   0x08001da4   0x000002b4   Code   RO          222    .text               ds1302.o
    0x08002058   0x08002058   0x00000560   Code   RO          234    .text               mqtt.o
    0x080025b8   0x080025b8   0x00000330   Code   RO          249    .text               stm32f10x_gpio.o
    0x080028e8   0x080028e8   0x000003a0   Code   RO          261    .text               stm32f10x_rcc.o
    0x08002c88   0x08002c88   0x00000370   Code   RO          275    .text               stm32f10x_usart.o
    0x08002ff8   0x08002ff8   0x000000dc   Code   RO          338    .text               misc.o
    0x080030d4   0x080030d4   0x00000138   Code   RO          390    .text               system_stm32f10x.o
    0x0800320c   0x0800320c   0x00000024   Code   RO          411    .text               mc_w.l(memcpya.o)
    0x08003230   0x08003230   0x00000024   Code   RO          413    .text               mc_w.l(memseta.o)
    0x08003254   0x08003254   0x00000024   Code   RO          415    .text               mc_w.l(strstr.o)
    0x08003278   0x08003278   0x00000014   Code   RO          417    .text               mc_w.l(strchr.o)
    0x0800328c   0x0800328c   0x0000000e   Code   RO          419    .text               mc_w.l(strlen.o)
    0x0800329a   0x0800329a   0x00000062   Code   RO          701    .text               mc_w.l(uldiv.o)
    0x080032fc   0x080032fc   0x00000024   Code   RO          714    .text               mc_w.l(init.o)
    0x08003320   0x08003320   0x0000001e   Code   RO          716    .text               mc_w.l(llshl.o)
    0x0800333e   0x0800333e   0x00000020   Code   RO          718    .text               mc_w.l(llushr.o)
    0x0800335e   0x0800335e   0x00000056   Code   RO          732    .text               mc_w.l(__dczerorl2.o)
    0x080033b4   0x080033b4   0x00000020   Code   RO          630    i.__0printf$8       mc_w.l(printf8.o)
    0x080033d4   0x080033d4   0x00000028   Code   RO          632    i.__0sprintf$8      mc_w.l(printf8.o)
    0x080033fc   0x080033fc   0x0000000e   Code   RO          726    i.__scatterload_copy  mc_w.l(handlers.o)
    0x0800340a   0x0800340a   0x00000002   Code   RO          727    i.__scatterload_null  mc_w.l(handlers.o)
    0x0800340c   0x0800340c   0x0000000e   Code   RO          728    i.__scatterload_zeroinit  mc_w.l(handlers.o)
    0x0800341a   0x0800341a   0x00000002   PAD
    0x0800341c   0x0800341c   0x00000410   Code   RO          637    i._printf_core      mc_w.l(printf8.o)
    0x0800382c   0x0800382c   0x00000024   Code   RO          638    i._printf_post_padding  mc_w.l(printf8.o)
    0x08003850   0x08003850   0x0000002e   Code   RO          639    i._printf_pre_padding  mc_w.l(printf8.o)
    0x0800387e   0x0800387e   0x0000000a   Code   RO          641    i._sputc            mc_w.l(printf8.o)
    0x08003888   0x08003888   0x00000818   Data   RO          184    .constdata          oled.o
    0x080040a0   0x080040a0   0x000000d4   Data   RO          204    .conststring        esp8266.o
    0x08004174   0x08004174   0x00000020   Data   RO          724    Region$$Table       anon$$obj.o


    Execution Region ER_RW (Exec base: 0x20000000, Load base: 0x08004194, Size: 0x000002c4, Max: 0xffffffff, ABSOLUTE, COMPRESSED[0x00000110])

    Exec Addr    Load Addr    Size         Type   Attr      Idx    E Section Name        Object

    0x20000000   COMPRESSED   0x0000000e   Data   RW           12    .data               main.o
    0x2000000e   COMPRESSED   0x00000004   Data   RW          124    .data               delay.o
    0x20000012   COMPRESSED   0x00000280   Data   RW          185    .data               oled.o
    0x20000292   COMPRESSED   0x00000002   PAD
    0x20000294   COMPRESSED   0x00000018   Data   RW          205    .data               esp8266.o
    0x200002ac   COMPRESSED   0x00000014   Data   RW          262    .data               stm32f10x_rcc.o
    0x200002c0   COMPRESSED   0x00000004   Data   RW          698    .data               mc_w.l(stdout.o)


    Execution Region ER_ZI (Exec base: 0x200002c4, Load base: 0x080042a4, Size: 0x00000804, Max: 0xffffffff, ABSOLUTE)

    Exec Addr    Load Addr    Size         Type   Attr      Idx    E Section Name        Object

    0x200002c4        -       0x00000200   Zero   RW           11    .bss                main.o
    0x200004c4        -       0x00000400   Zero   RW          203    .bss                esp8266.o
    0x200008c4   0x080042a4   0x00000004   PAD
    0x200008c8        -       0x00000200   Zero   RW            1    STACK               startup_stm32f10x_md.o


==============================================================================

Image component sizes


      Code (inc. data)   RO Data    RW Data    ZI Data      Debug   Object Name

       172          8          0          4          0       2679   delay.o
       416         12          0          0          0       2050   dht11.o
       692          6          0          0          0       3000   ds1302.o
      3976       1494        212         24       1024       6413   esp8266.o
       136          6          0          0          0        912   led.o
       964        130          0         14        512     228299   main.o
       220         22          0          0          0       1745   misc.o
      1376         58          0          0          0       5357   mqtt.o
      1456         20       2072        640          0       6427   oled.o
        28          4        236          0        512        836   startup_stm32f10x_md.o
       816         18          0          0          0       5203   stm32f10x_gpio.o
        26          0          0          0          0       1190   stm32f10x_it.o
       928         36          0         20          0       8852   stm32f10x_rcc.o
       880         12          0          0          0       7835   stm32f10x_usart.o
       312         16          0          0          0       1181   system_stm32f10x.o
       156         10          0          0          0       2562   usart1.o

    ----------------------------------------------------------------------
     12556       1852       2552        704       2052     284541   Object Totals
         0          0         32          0          0          0   (incl. Generated)
         2          0          0          2          4          0   (incl. Padding)

    ----------------------------------------------------------------------

      Code (inc. data)   RO Data    RW Data    ZI Data      Debug   Library Member Name

        86          0          0          0          0          0   __dczerorl2.o
         0          0          0          0          0          0   entry.o
         0          0          0          0          0          0   entry10a.o
         0          0          0          0          0          0   entry11a.o
         8          4          0          0          0          0   entry2.o
         4          0          0          0          0          0   entry5.o
         0          0          0          0          0          0   entry7b.o
         0          0          0          0          0          0   entry8b.o
         8          4          0          0          0          0   entry9a.o
        30          0          0          0          0          0   handlers.o
        36          8          0          0          0         68   init.o
        30          0          0          0          0         68   llshl.o
        32          0          0          0          0         68   llushr.o
        36          0          0          0          0         68   memcpya.o
        36          0          0          0          0        108   memseta.o
      1204         60          0          0          0        504   printf8.o
         0          0          0          4          0          0   stdout.o
        20          0          0          0          0         68   strchr.o
        14          0          0          0          0         68   strlen.o
        36          0          0          0          0         80   strstr.o
        98          0          0          0          0         92   uldiv.o

    ----------------------------------------------------------------------
      1680         76          0          4          0       1192   Library Totals
         2          0          0          0          0          0   (incl. Padding)

    ----------------------------------------------------------------------

      Code (inc. data)   RO Data    RW Data    ZI Data      Debug   Library Name

      1678         76          0          4          0       1192   mc_w.l

    ----------------------------------------------------------------------
      1680         76          0          4          0       1192   Library Totals

    ----------------------------------------------------------------------

==============================================================================


      Code (inc. data)   RO Data    RW Data    ZI Data      Debug   

     14236       1928       2552        708       2052     284093   Grand Totals
     14236       1928       2552        272       2052     284093   ELF Image Totals (compressed)
     14236       1928       2552        272          0          0   ROM Totals

==============================================================================

    Total RO  Size (Code + RO Data)                16788 (  16.39kB)
    Total RW  Size (RW Data + ZI Data)              2760 (   2.70kB)
    Total ROM Size (Code + RO Data + RW Data)      17060 (  16.66kB)

==============================================================================

