<html>
<body>
<pre>
<h1>µVision Build Log</h1>
<h2>Tool Versions:</h2>
IDE-Version: ¶ÃVision V5.39.0.0
Copyright (C) 2023 ARM Ltd and ARM Germany GmbH. All rights reserved.
License Information: 123 mgz, 123, LIC=VGXG8-3KJ0W-ARWXW-QKBZT-2SW4T-IBY3U
 
Tool Versions:
Toolchain:       MDK-ARM Plus  Version: 5.39.0.0
Toolchain Path:  D:\Keil5\ARM\ARMCC\Bin
C Compiler:      Armcc.exe V5.06 update 6 (build 750)
Assembler:       Armasm.exe V5.06 update 6 (build 750)
Linker/Locator:  ArmLink.exe V5.06 update 6 (build 750)
Library Manager: ArmAr.exe V5.06 update 6 (build 750)
Hex Converter:   FromElf.exe V5.06 update 6 (build 750)
CPU DLL:         SARMCM3.DLL V5.39.0.0
Dialog DLL:      DARMSTM.DLL V1.69.1.0
Target DLL:      STLink\ST-LINKIII-KEIL_SWO.dll V3.2.0.0
Dialog DLL:      TARMSTM.DLL V1.67.1.0
 
<h2>Project:</h2>
C:\Users\mgz\Desktop\DHT11Œ¬ ™∂»ºÏ≤‚+Wifi ◊Ó÷’∞Ê\USER\STM32-DEMO.uvprojx
Project File Date:  05/29/2026

<h2>Output:</h2>
*** Using Compiler 'V5.06 update 6 (build 750)', folder: 'D:\Keil5\ARM\ARMCC\Bin'
Rebuild target 'ADC-DEMO'
assembling startup_stm32f10x_md.s...
compiling main.c...
ds1302.h(34): warning:  #1-D: last line of file ends without a newline
  #endif
main.c(17): warning:  #14-D: extra text after expected end of preprocessing directive
  #include <string.h>ÔøΩÔøΩÔøΩÔøΩ
main.c(99): warning:  #167-D: argument of type "volatile u8 *" is incompatible with parameter of type "u8 *"
                                DHT11_Read_Data(&temp,&humi);
main.c(99): warning:  #167-D: argument of type "volatile u8 *" is incompatible with parameter of type "u8 *"
                                DHT11_Read_Data(&temp,&humi);
main.c: 4 warnings, 0 errors
compiling led.c...
compiling usart1.c...
compiling delay.c...
compiling dht11.c...
compiling sys.c...
compiling stm32f10x_it.c...
compiling oled.c...
oledfont.h(236): warning:  #1-D: last line of file ends without a newline
  #endif
oled.c: 1 warning, 0 errors
compiling esp8266.c...
esp8266.c(231): warning:  #870-D: invalid multibyte character sequence
      printf("\r\n=== ÈÄè‰º†Â∑≤ÈÄÄÂá? ===\r\n");
esp8266.c: 1 warning, 0 errors
compiling ds1302.c...
ds1302.h(34): warning:  #1-D: last line of file ends without a newline
  #endif
ds1302.c(133): warning:  #1-D: last line of file ends without a newline
  }
ds1302.c: 2 warnings, 0 errors
compiling mqtt.c...
compiling stm32f10x_gpio.c...
compiling stm32f10x_rcc.c...
compiling stm32f10x_usart.c...
compiling stm32f10x_adc.c...
compiling stm32f10x_dma.c...
compiling stm32f10x_flash.c...
compiling stm32f10x_rtc.c...
compiling misc.c...
compiling stm32f10x_tim.c...
compiling stm32f10x_exti.c...
compiling core_cm3.c...
compiling system_stm32f10x.c...
linking...
Program Size: Code=14236 RO-data=2552 RW-data=708 ZI-data=2052  
FromELF: creating hex file...
".\STM32-DEMO.axf" - 0 Error(s), 8 Warning(s).

<h2>Software Packages used:</h2>

Package Vendor: ARM
                http://www.keil.com/pack/ARM.CMSIS.5.9.0.pack
                ARM::CMSIS@5.9.0
                CMSIS (Common Microcontroller Software Interface Standard)
   * Component: CORE Version: 5.6.0

Package Vendor: Keil
                https://www.keil.com/pack/Keil.STM32F1xx_DFP.2.4.1.pack
                Keil::STM32F1xx_DFP@2.4.1
                STMicroelectronics STM32F1 Series Device Support, Drivers and Examples

<h2>Collection of Component include folders:</h2>
  ./RTE/_ADC-DEMO
  D:/Keil5/packs/ARM/CMSIS/5.9.0/CMSIS/Core/Include
  D:/Keil5/packs/Keil/STM32F1xx_DFP/2.4.1/Device/Include

<h2>Collection of Component Files used:</h2>

   * Component: ARM::CMSIS:CORE@5.6.0
Build Time Elapsed:  00:00:05
</pre>
</body>
</html>
